volume-slice-1.png
volume-slice-2.png
volume-slice-3.png
volume-slice-4.png
volume-slice-5.png
volume-slice-6.png
volume-slice-7.png
volume-slice-8.png
volume-slice-9.png
volume-slice-10.png
volume-slice-11.png
volume-slice-12.png
volume-slice-13.png
volume-slice-14.png
volume-slice-15.png
volume-slice-16.png
volume-slice-17.png
volume-slice-18.png
volume-slice-19.png
volume-slice-20.png
volume-slice-21.png
volume-slice-22.png
volume-slice-23.png
volume-slice-24.png
volume-slice-25.png
volume-slice-26.png
volume-slice-27.png
volume-slice-28.png
volume-slice-29.png
volume-slice-30.png
volume-slice-31.png
volume-slice-32.png
volume-slice-33.png
volume-slice-34.png
volume-slice-35.png
volume-slice-36.png
volume-slice-37.png
volume-slice-38.png
volume-slice-39.png
volume-slice-40.png
volume-slice-41.png
volume-slice-42.png
volume-slice-43.png
volume-slice-44.png
volume-slice-45.png
volume-slice-46.png
volume-slice-47.png
volume-slice-48.png
volume-slice-49.png
volume-slice-50.png
volume-slice-51.png
volume-slice-52.png
volume-slice-53.png
volume-slice-54.png
volume-slice-55.png
volume-slice-56.png
volume-slice-57.png
volume-slice-58.png
volume-slice-59.png
volume-slice-60.png
volume-slice-61.png
volume-slice-62.png
volume-slice-63.png
volume-slice-64.png
volume-slice-65.png
volume-slice-66.png
volume-slice-67.png
volume-slice-68.png
volume-slice-69.png
volume-slice-70.png
volume-slice-71.png
volume-slice-72.png
volume-slice-73.png
volume-slice-74.png
volume-slice-75.png
volume-slice-76.png
volume-slice-77.png
volume-slice-78.png
volume-slice-79.png
volume-slice-80.png
volume-slice-81.png
volume-slice-82.png
volume-slice-83.png
volume-slice-84.png
volume-slice-85.png
volume-slice-86.png
volume-slice-87.png
volume-slice-88.png
volume-slice-89.png
volume-slice-90.png
volume-slice-91.png
volume-slice-92.png
volume-slice-93.png
volume-slice-94.png
volume-slice-95.png
volume-slice-96.png
volume-slice-97.png
volume-slice-98.png
volume-slice-99.png
volume-slice-100.png
volume-slice-101.png
volume-slice-102.png
volume-slice-103.png
volume-slice-104.png
volume-slice-105.png
volume-slice-106.png
volume-slice-107.png
volume-slice-108.png
volume-slice-109.png
volume-slice-110.png
volume-slice-111.png
volume-slice-112.png
volume-slice-113.png
volume-slice-114.png
volume-slice-115.png
volume-slice-116.png
volume-slice-117.png
volume-slice-118.png
volume-slice-119.png
volume-slice-120.png
volume-slice-121.png
volume-slice-122.png
volume-slice-123.png
volume-slice-124.png
volume-slice-125.png
volume-slice-126.png
volume-slice-127.png
volume-slice-128.png
volume-slice-129.png
volume-slice-130.png
volume-slice-131.png
volume-slice-132.png
volume-slice-133.png
volume-slice-134.png
volume-slice-135.png
volume-slice-136.png
volume-slice-137.png
volume-slice-138.png
volume-slice-139.png
volume-slice-140.png
volume-slice-141.png
volume-slice-142.png
volume-slice-143.png
volume-slice-144.png
volume-slice-145.png
volume-slice-146.png
volume-slice-147.png
volume-slice-148.png
volume-slice-149.png
volume-slice-150.png
volume-slice-151.png
volume-slice-152.png
volume-slice-153.png
volume-slice-154.png
volume-slice-155.png
volume-slice-156.png
volume-slice-157.png
volume-slice-158.png
volume-slice-159.png
volume-slice-160.png
volume-slice-161.png
volume-slice-162.png
volume-slice-163.png
volume-slice-164.png
volume-slice-165.png
volume-slice-166.png
volume-slice-167.png
volume-slice-168.png
volume-slice-169.png
volume-slice-170.png
volume-slice-171.png
volume-slice-172.png
volume-slice-173.png
volume-slice-174.png
volume-slice-175.png
volume-slice-176.png
volume-slice-177.png
volume-slice-178.png
volume-slice-179.png
volume-slice-180.png
volume-slice-181.png
volume-slice-182.png
volume-slice-183.png
volume-slice-184.png
volume-slice-185.png
volume-slice-186.png
volume-slice-187.png
volume-slice-188.png
volume-slice-189.png
volume-slice-190.png
volume-slice-191.png
volume-slice-192.png
volume-slice-193.png
volume-slice-194.png
volume-slice-195.png
volume-slice-196.png
volume-slice-197.png
volume-slice-198.png
volume-slice-199.png
volume-slice-200.png
volume-slice-201.png
volume-slice-202.png
volume-slice-203.png
volume-slice-204.png
volume-slice-205.png
volume-slice-206.png
volume-slice-207.png
volume-slice-208.png
volume-slice-209.png
volume-slice-210.png
volume-slice-211.png
volume-slice-212.png
volume-slice-213.png
volume-slice-214.png
volume-slice-215.png
volume-slice-216.png
volume-slice-217.png
volume-slice-218.png
volume-slice-219.png
volume-slice-220.png
volume-slice-221.png
volume-slice-222.png
volume-slice-223.png
volume-slice-224.png
volume-slice-225.png
volume-slice-226.png
volume-slice-227.png
volume-slice-228.png
volume-slice-229.png
volume-slice-230.png
volume-slice-231.png
volume-slice-232.png
volume-slice-233.png
volume-slice-234.png
volume-slice-235.png
volume-slice-236.png
volume-slice-237.png
volume-slice-238.png
volume-slice-239.png
volume-slice-240.png
volume-slice-241.png
volume-slice-242.png
volume-slice-243.png
volume-slice-244.png
volume-slice-245.png
volume-slice-246.png
volume-slice-247.png
volume-slice-248.png
volume-slice-249.png
volume-slice-250.png
volume-slice-251.png
volume-slice-252.png
volume-slice-253.png
volume-slice-254.png
volume-slice-255.png
volume-slice-256.png
